// Jest Snapshot v1, https://goo.gl/fbAQLP

exports[`Button style 1`] = `
Array [
  <h1>
    404 Page Not Found
  </h1>,
  .c0 {
  background: white;
  color: palevioletred;
  font-size: 1em;
  margin: 1em;
  padding: 0.25em 1em;
  border: 2px solid palevioletred;
  border-radius: 3px;
  cursor: pointer;
}

<button
    className="c0"
    onClick={[Function]}
  >
    Home
  </button>,
]
`;
